Component: ARM Compiler 5.05 update 1 (build 106) Tool: armlink [4d0efa]

==============================================================================

Section Cross References

    startup_lpc17xx.o(STACK) refers (Special) to heapauxi.o(.text) for __use_two_region_memory
    startup_lpc17xx.o(HEAP) refers (Special) to heapauxi.o(.text) for __use_two_region_memory
    startup_lpc17xx.o(RESET) refers (Special) to heapauxi.o(.text) for __use_two_region_memory
    startup_lpc17xx.o(RESET) refers to startup_lpc17xx.o(STACK) for __initial_sp
    startup_lpc17xx.o(RESET) refers to startup_lpc17xx.o(.text) for Reset_Handler
    startup_lpc17xx.o(.text) refers (Special) to heapauxi.o(.text) for __use_two_region_memory
    startup_lpc17xx.o(.text) refers to system_lpc17xx.o(.text) for SystemInit
    startup_lpc17xx.o(.text) refers to __main.o(!!!main) for __main
    startup_lpc17xx.o(.text) refers to startup_lpc17xx.o(HEAP) for Heap_Mem
    startup_lpc17xx.o(.text) refers to startup_lpc17xx.o(STACK) for Stack_Mem
    system_lpc17xx.o(.text) refers to system_lpc17xx.o(.data) for SystemCoreClock
    system_lpc17xx.o(.ARM.exidx) refers to system_lpc17xx.o(.text) for .text
    main.o(.text) refers to rt_memcpy_w.o(.text) for __aeabi_memcpy4
    main.o(.text) refers to system_lpc17xx.o(.text) for SystemInit
    main.o(.text) refers to main.o(i._ZN4UARTC1Eai) for UART::UART(signed char, int)
    main.o(.text) refers to main.o(i._ZN6AF_LCDC1Ev) for AF_LCD::AF_LCD()
    main.o(.text) refers to af_lcd.o(.text) for AF_LCD::Init()
    main.o(.text) refers to uart.o(.text) for UART::getchar0()
    main.o(.ARM.exidx) refers to main.o(.text) for .text
    uart.o(.text) refers to uart.o(i._ZN4UART8sendcharEh) for UART::sendchar(unsigned char)
    uart.o(.text) refers to af_string.o(.text) for strcpy(char*, const char*)
    uart.o(.text) refers to uart.o(i._ZN4UART10sendstringEPc) for UART::sendstring(char*)
    uart.o(.text) refers to rt_memclr_w.o(.text) for __aeabi_memclr4
    uart.o(.ARM.exidx) refers to uart.o(.text) for .text
    af_cpu.o(.ARM.exidx) refers to af_cpu.o(.text) for .text
    af_string.o(.text) refers to af_string.o(.data) for bchars
    af_string.o(.text) refers to af_string.o(.bss) for tbuf
    af_string.o(.ARM.exidx) refers to af_string.o(.text) for .text
    af_lcd.o(.text) refers to af_lcd.o(.emb_text) for wait()
    af_lcd.o(.text) refers to af_lcd.o(i._ZN6AF_LCD6wr_regEht) for AF_LCD::wr_reg(unsigned char, unsigned short)
    af_lcd.o(.text) refers to af_lcd.o(i._ZN6AF_LCD12wr_dat_startEv) for AF_LCD::wr_dat_start()
    af_lcd.o(.text) refers to af_lcd.o(i._ZN6AF_LCD11wr_dat_onlyEt) for AF_LCD::wr_dat_only(unsigned short)
    af_lcd.o(.text) refers to af_lcd.o(i._ZN6AF_LCD11wr_dat_stopEv) for AF_LCD::wr_dat_stop()
    af_lcd.o(.text) refers to af_lcd.o(i._ZN6AF_LCD6rd_datEv) for AF_LCD::rd_dat()
    af_lcd.o(.text) refers to af_lcd.o(.constdata) for fontB_Roya24h_glyph_set
    af_lcd.o(.text) refers to af_lcd.o(.data) for _curX
    af_lcd.o(.text) refers to af_string.o(.text) for strcpy(char*, const char*)
    af_lcd.o(.text) refers to rt_memclr_w.o(.text) for __aeabi_memclr4
    af_lcd.o(.ARM.exidx) refers to af_lcd.o(.text) for .text
    __main.o(!!!main) refers to __rtentry.o(.ARM.Collect$$rtentry$$00000000) for __rt_entry
    __rtentry.o(.ARM.Collect$$rtentry$$00000000) refers (Special) to __rtentry2.o(.ARM.Collect$$rtentry$$0000000A) for __rt_entry_li
    __rtentry.o(.ARM.Collect$$rtentry$$00000000) refers (Special) to __rtentry2.o(.ARM.Collect$$rtentry$$0000000D) for __rt_entry_main
    __rtentry.o(.ARM.Collect$$rtentry$$00000000) refers (Special) to __rtentry2.o(.ARM.Collect$$rtentry$$0000000C) for __rt_entry_postli_1
    __rtentry.o(.ARM.Collect$$rtentry$$00000000) refers (Special) to __rtentry2.o(.ARM.Collect$$rtentry$$00000009) for __rt_entry_postsh_1
    __rtentry.o(.ARM.Collect$$rtentry$$00000000) refers (Special) to __rtentry2.o(.ARM.Collect$$rtentry$$00000002) for __rt_entry_presh_1
    __rtentry.o(.ARM.Collect$$rtentry$$00000000) refers (Special) to __rtentry4.o(.ARM.Collect$$rtentry$$00000004) for __rt_entry_sh
    __rtentry2.o(.ARM.Collect$$rtentry$$00000008) refers to boardinit2.o(.text) for _platform_post_stackheap_init
    __rtentry2.o(.ARM.Collect$$rtentry$$0000000A) refers to libinit.o(.ARM.Collect$$libinit$$00000000) for __rt_lib_init
    __rtentry2.o(.ARM.Collect$$rtentry$$0000000B) refers to boardinit3.o(.text) for _platform_post_lib_init
    __rtentry2.o(.ARM.Collect$$rtentry$$0000000D) refers to main.o(.text) for main
    __rtentry2.o(.ARM.Collect$$rtentry$$0000000D) refers to exit.o(.text) for exit
    __rtentry2.o(.ARM.exidx) refers to __rtentry2.o(.ARM.Collect$$rtentry$$00000001) for .ARM.Collect$$rtentry$$00000001
    __rtentry2.o(.ARM.exidx) refers to __rtentry2.o(.ARM.Collect$$rtentry$$00000008) for .ARM.Collect$$rtentry$$00000008
    __rtentry2.o(.ARM.exidx) refers to __rtentry2.o(.ARM.Collect$$rtentry$$0000000A) for .ARM.Collect$$rtentry$$0000000A
    __rtentry2.o(.ARM.exidx) refers to __rtentry2.o(.ARM.Collect$$rtentry$$0000000B) for .ARM.Collect$$rtentry$$0000000B
    __rtentry2.o(.ARM.exidx) refers to __rtentry2.o(.ARM.Collect$$rtentry$$0000000D) for .ARM.Collect$$rtentry$$0000000D
    __rtentry4.o(.ARM.Collect$$rtentry$$00000004) refers to sys_stackheap_outer.o(.text) for __user_setup_stackheap
    __rtentry4.o(.ARM.exidx) refers to __rtentry4.o(.ARM.Collect$$rtentry$$00000004) for .ARM.Collect$$rtentry$$00000004
    sys_stackheap_outer.o(.text) refers to libspace.o(.text) for __user_perproc_libspace
    sys_stackheap_outer.o(.text) refers to startup_lpc17xx.o(.text) for __user_initial_stackheap
    exit.o(.text) refers to rtexit.o(.ARM.Collect$$rtexit$$00000000) for __rt_exit
    libinit.o(.ARM.Collect$$libinit$$00000000) refers (Special) to libinit2.o(.ARM.Collect$$libinit$$0000002E) for __rt_lib_init_alloca_1
    libinit.o(.ARM.Collect$$libinit$$00000000) refers (Special) to libinit2.o(.ARM.Collect$$libinit$$0000002C) for __rt_lib_init_argv_1
    libinit.o(.ARM.Collect$$libinit$$00000000) refers (Special) to libinit2.o(.ARM.Collect$$libinit$$0000001B) for __rt_lib_init_atexit_1
    libinit.o(.ARM.Collect$$libinit$$00000000) refers (Special) to libinit2.o(.ARM.Collect$$libinit$$00000021) for __rt_lib_init_clock_1
    libinit.o(.ARM.Collect$$libinit$$00000000) refers (Special) to libinit2.o(.ARM.Collect$$libinit$$00000032) for __rt_lib_init_cpp_1
    libinit.o(.ARM.Collect$$libinit$$00000000) refers (Special) to libinit2.o(.ARM.Collect$$libinit$$00000030) for __rt_lib_init_exceptions_1
    libinit.o(.ARM.Collect$$libinit$$00000000) refers (Special) to libinit2.o(.ARM.Collect$$libinit$$00000002) for __rt_lib_init_fp_1
    libinit.o(.ARM.Collect$$libinit$$00000000) refers (Special) to libinit2.o(.ARM.Collect$$libinit$$0000001F) for __rt_lib_init_fp_trap_1
    libinit.o(.ARM.Collect$$libinit$$00000000) refers (Special) to libinit2.o(.ARM.Collect$$libinit$$00000023) for __rt_lib_init_getenv_1
    libinit.o(.ARM.Collect$$libinit$$00000000) refers (Special) to libinit2.o(.ARM.Collect$$libinit$$0000000A) for __rt_lib_init_heap_1
    libinit.o(.ARM.Collect$$libinit$$00000000) refers (Special) to libinit2.o(.ARM.Collect$$libinit$$00000011) for __rt_lib_init_lc_collate_1
    libinit.o(.ARM.Collect$$libinit$$00000000) refers (Special) to libinit2.o(.ARM.Collect$$libinit$$00000013) for __rt_lib_init_lc_ctype_1
    libinit.o(.ARM.Collect$$libinit$$00000000) refers (Special) to libinit2.o(.ARM.Collect$$libinit$$00000015) for __rt_lib_init_lc_monetary_1
    libinit.o(.ARM.Collect$$libinit$$00000000) refers (Special) to libinit2.o(.ARM.Collect$$libinit$$00000017) for __rt_lib_init_lc_numeric_1
    libinit.o(.ARM.Collect$$libinit$$00000000) refers (Special) to libinit2.o(.ARM.Collect$$libinit$$00000019) for __rt_lib_init_lc_time_1
    libinit.o(.ARM.Collect$$libinit$$00000000) refers (Special) to libinit2.o(.ARM.Collect$$libinit$$00000004) for __rt_lib_init_preinit_1
    libinit.o(.ARM.Collect$$libinit$$00000000) refers (Special) to libinit2.o(.ARM.Collect$$libinit$$0000000E) for __rt_lib_init_rand_1
    libinit.o(.ARM.Collect$$libinit$$00000000) refers (Special) to libinit2.o(.ARM.Collect$$libinit$$00000033) for __rt_lib_init_return
    libinit.o(.ARM.Collect$$libinit$$00000000) refers (Special) to libinit2.o(.ARM.Collect$$libinit$$0000001D) for __rt_lib_init_signal_1
    libinit.o(.ARM.Collect$$libinit$$00000000) refers (Special) to libinit2.o(.ARM.Collect$$libinit$$00000025) for __rt_lib_init_stdio_1
    libinit.o(.ARM.Collect$$libinit$$00000000) refers (Special) to libinit2.o(.ARM.Collect$$libinit$$0000000C) for __rt_lib_init_user_alloc_1
    libspace.o(.text) refers to libspace.o(.bss) for __libspace_start
    rtexit.o(.ARM.Collect$$rtexit$$00000000) refers (Special) to rtexit2.o(.ARM.Collect$$rtexit$$00000004) for __rt_exit_exit
    rtexit.o(.ARM.Collect$$rtexit$$00000000) refers (Special) to rtexit2.o(.ARM.Collect$$rtexit$$00000003) for __rt_exit_ls
    rtexit.o(.ARM.Collect$$rtexit$$00000000) refers (Special) to rtexit2.o(.ARM.Collect$$rtexit$$00000002) for __rt_exit_prels_1
    rtexit.o(.ARM.exidx) refers (Special) to rtexit2.o(.ARM.Collect$$rtexit$$00000004) for __rt_exit_exit
    rtexit.o(.ARM.exidx) refers (Special) to rtexit2.o(.ARM.Collect$$rtexit$$00000003) for __rt_exit_ls
    rtexit.o(.ARM.exidx) refers (Special) to rtexit2.o(.ARM.Collect$$rtexit$$00000002) for __rt_exit_prels_1
    rtexit.o(.ARM.exidx) refers to rtexit.o(.ARM.Collect$$rtexit$$00000000) for .ARM.Collect$$rtexit$$00000000
    libinit2.o(.ARM.Collect$$libinit$$00000010) refers to libinit2.o(.ARM.Collect$$libinit$$0000000F) for .ARM.Collect$$libinit$$0000000F
    libinit2.o(.ARM.Collect$$libinit$$00000012) refers to libinit2.o(.ARM.Collect$$libinit$$0000000F) for .ARM.Collect$$libinit$$0000000F
    libinit2.o(.ARM.Collect$$libinit$$00000014) refers to libinit2.o(.ARM.Collect$$libinit$$0000000F) for .ARM.Collect$$libinit$$0000000F
    libinit2.o(.ARM.Collect$$libinit$$00000016) refers to libinit2.o(.ARM.Collect$$libinit$$0000000F) for .ARM.Collect$$libinit$$0000000F
    libinit2.o(.ARM.Collect$$libinit$$00000018) refers to libinit2.o(.ARM.Collect$$libinit$$0000000F) for .ARM.Collect$$libinit$$0000000F
    libinit2.o(.ARM.Collect$$libinit$$00000026) refers to argv_veneer.o(.emb_text) for __ARM_argv_veneer
    libinit2.o(.ARM.Collect$$libinit$$00000027) refers to argv_veneer.o(.emb_text) for __ARM_argv_veneer
    rtexit2.o(.ARM.Collect$$rtexit$$00000003) refers to libshutdown.o(.ARM.Collect$$libshutdown$$00000000) for __rt_lib_shutdown
    rtexit2.o(.ARM.Collect$$rtexit$$00000004) refers to sys_exit.o(.text) for _sys_exit
    rtexit2.o(.ARM.exidx) refers to rtexit2.o(.ARM.Collect$$rtexit$$00000001) for .ARM.Collect$$rtexit$$00000001
    rtexit2.o(.ARM.exidx) refers to rtexit2.o(.ARM.Collect$$rtexit$$00000003) for .ARM.Collect$$rtexit$$00000003
    rtexit2.o(.ARM.exidx) refers to rtexit2.o(.ARM.Collect$$rtexit$$00000004) for .ARM.Collect$$rtexit$$00000004
    argv_veneer.o(.emb_text) refers to no_argv.o(.text) for __ARM_get_argv
    sys_exit.o(.text) refers (Special) to use_no_semi.o(.text) for __I$use$semihosting
    sys_exit.o(.text) refers (Special) to indicate_semi.o(.text) for __semihosting_library_function
    _get_argv_nomalloc.o(.text) refers (Special) to hrguard.o(.text) for __heap_region$guard
    _get_argv_nomalloc.o(.text) refers to defsig_rtmem_outer.o(.text) for __rt_SIGRTMEM
    _get_argv_nomalloc.o(.text) refers to sys_command.o(.text) for _sys_command_string
    libshutdown.o(.ARM.Collect$$libshutdown$$00000000) refers (Special) to libshutdown2.o(.ARM.Collect$$libshutdown$$00000006) for __rt_lib_shutdown_fp_trap_1
    libshutdown.o(.ARM.Collect$$libshutdown$$00000000) refers (Special) to libshutdown2.o(.ARM.Collect$$libshutdown$$0000000E) for __rt_lib_shutdown_heap_1
    libshutdown.o(.ARM.Collect$$libshutdown$$00000000) refers (Special) to libshutdown2.o(.ARM.Collect$$libshutdown$$0000000F) for __rt_lib_shutdown_return
    libshutdown.o(.ARM.Collect$$libshutdown$$00000000) refers (Special) to libshutdown2.o(.ARM.Collect$$libshutdown$$00000009) for __rt_lib_shutdown_signal_1
    libshutdown.o(.ARM.Collect$$libshutdown$$00000000) refers (Special) to libshutdown2.o(.ARM.Collect$$libshutdown$$00000003) for __rt_lib_shutdown_stdio_1
    libshutdown.o(.ARM.Collect$$libshutdown$$00000000) refers (Special) to libshutdown2.o(.ARM.Collect$$libshutdown$$0000000B) for __rt_lib_shutdown_user_alloc_1
    sys_command.o(.text) refers (Special) to use_no_semi.o(.text) for __I$use$semihosting
    sys_command.o(.text) refers (Special) to indicate_semi.o(.text) for __semihosting_library_function
    defsig_rtmem_outer.o(.text) refers to defsig_rtmem_inner.o(.text) for __rt_SIGRTMEM_inner
    defsig_rtmem_outer.o(.text) refers to defsig_exit.o(.text) for __sig_exit
    defsig_rtmem_formal.o(.text) refers to rt_raise.o(.text) for __rt_raise
    rt_raise.o(.text) refers to __raise.o(.text) for __raise
    rt_raise.o(.text) refers to sys_exit.o(.text) for _sys_exit
    defsig_exit.o(.text) refers to sys_exit.o(.text) for _sys_exit
    defsig_rtmem_inner.o(.text) refers to defsig_general.o(.text) for __default_signal_display
    __raise.o(.text) refers to defsig.o(CL$$defsig) for __default_signal_handler
    defsig_general.o(.text) refers to sys_wrch.o(.text) for _ttywrch
    sys_wrch.o(.text) refers (Special) to use_no_semi.o(.text) for __I$use$semihosting
    sys_wrch.o(.text) refers (Special) to indicate_semi.o(.text) for __semihosting_library_function
    defsig.o(CL$$defsig) refers to defsig_rtmem_inner.o(.text) for __rt_SIGRTMEM_inner
    defsig_abrt_inner.o(.text) refers to defsig_general.o(.text) for __default_signal_display
    defsig_fpe_inner.o(.text) refers to defsig_general.o(.text) for __default_signal_display
    defsig_rtred_inner.o(.text) refers to defsig_general.o(.text) for __default_signal_display
    defsig_stak_inner.o(.text) refers to defsig_general.o(.text) for __default_signal_display
    defsig_pvfn_inner.o(.text) refers to defsig_general.o(.text) for __default_signal_display
    defsig_cppl_inner.o(.text) refers to defsig_general.o(.text) for __default_signal_display
    defsig_segv_inner.o(.text) refers to defsig_general.o(.text) for __default_signal_display
    defsig_other.o(.text) refers to defsig_general.o(.text) for __default_signal_display
    main.o(i._ZN6AF_LCDC1Ev) refers to af_lcd.o(.text) for AF_LCD::Init()
    main.o(.ARM.exidx) refers to main.o(i._ZN6AF_LCDC1Ev) for i._ZN6AF_LCDC1Ev
    main.o(i._ZN4UARTC1Eai) refers to af_cpu.o(.text) for CPU::GetCpuClk()
    main.o(i._ZN4UARTC1Eai) refers to uart.o(.text) for UART::uart0_init()
    main.o(.ARM.exidx) refers to main.o(i._ZN4UARTC1Eai) for i._ZN4UARTC1Eai
    uart.o(i._ZN4UART8sendcharEh) refers to uart.o(.text) for UART::sendchar0(unsigned char)
    uart.o(.ARM.exidx) refers to uart.o(i._ZN4UART8sendcharEh) for i._ZN4UART8sendcharEh
    uart.o(i._ZN4UART10sendstringEPc) refers to uart.o(i._ZN4UART8sendcharEh) for UART::sendchar(unsigned char)
    uart.o(.ARM.exidx) refers to uart.o(i._ZN4UART10sendstringEPc) for i._ZN4UART10sendstringEPc
    af_lcd.o(i._ZN6AF_LCD11wr_dat_onlyEt) refers to af_lcd.o(.text) for [local to AF_LCD_cpp]::lcd_send(unsigned short)
    af_lcd.o(i._ZN6AF_LCD11wr_dat_onlyEt) refers to af_lcd.o(.emb_text) for wait()
    af_lcd.o(.ARM.exidx) refers to af_lcd.o(i._ZN6AF_LCD11wr_dat_onlyEt) for i._ZN6AF_LCD11wr_dat_onlyEt
    af_lcd.o(i._ZN6AF_LCD6wr_regEht) refers to af_lcd.o(.text) for [local to AF_LCD_cpp]::wr_cmd(unsigned char)
    af_lcd.o(.ARM.exidx) refers to af_lcd.o(i._ZN6AF_LCD6wr_regEht) for i._ZN6AF_LCD6wr_regEht
    af_lcd.o(.ARM.exidx) refers to af_lcd.o(i._ZN6AF_LCD11wr_dat_stopEv) for i._ZN6AF_LCD11wr_dat_stopEv
    af_lcd.o(.ARM.exidx) refers to af_lcd.o(i._ZN6AF_LCD12wr_dat_startEv) for i._ZN6AF_LCD12wr_dat_startEv
    af_lcd.o(i._ZN6AF_LCD6rd_datEv) refers to af_lcd.o(.text) for AF_LCD::delay(int)
    af_lcd.o(.ARM.exidx) refers to af_lcd.o(i._ZN6AF_LCD6rd_datEv) for i._ZN6AF_LCD6rd_datEv


==============================================================================

Removing Unused input sections from the image.

    Removing system_lpc17xx.o(.rev16_text), (4 bytes).
    Removing system_lpc17xx.o(.revsh_text), (4 bytes).
    Removing system_lpc17xx.o(.ARM.exidx), (8 bytes).
    Removing main.o(.rev16_text), (4 bytes).
    Removing main.o(.revsh_text), (4 bytes).
    Removing main.o(.ARM.exidx), (8 bytes).
    Removing main.o(.data), (2 bytes).
    Removing uart.o(.rev16_text), (4 bytes).
    Removing uart.o(.revsh_text), (4 bytes).
    Removing uart.o(.ARM.exidx), (8 bytes).
    Removing af_cpu.o(.rev16_text), (4 bytes).
    Removing af_cpu.o(.revsh_text), (4 bytes).
    Removing af_cpu.o(.ARM.exidx), (8 bytes).
    Removing af_string.o(.ARM.exidx), (8 bytes).
    Removing af_lcd.o(.rev16_text), (4 bytes).
    Removing af_lcd.o(.revsh_text), (4 bytes).
    Removing af_lcd.o(.ARM.exidx), (8 bytes).
    Removing main.o(.ARM.exidx), (8 bytes).
    Removing main.o(.ARM.exidx), (8 bytes).
    Removing uart.o(.ARM.exidx), (8 bytes).
    Removing uart.o(.ARM.exidx), (8 bytes).
    Removing af_lcd.o(.ARM.exidx), (8 bytes).
    Removing af_lcd.o(.ARM.exidx), (8 bytes).
    Removing af_lcd.o(.ARM.exidx), (8 bytes).
    Removing af_lcd.o(.ARM.exidx), (8 bytes).
    Removing af_lcd.o(.ARM.exidx), (8 bytes).

26 unused section(s) (total 162 bytes) removed from the image.

==============================================================================

Image Symbol Table

    Local Symbols

    Symbol Name                              Value     Ov Type        Size  Object(Section)

    ../clib/angel/boardlib.s                 0x00000000   Number         0  boardinit2.o ABSOLUTE
    ../clib/angel/boardlib.s                 0x00000000   Number         0  boardinit3.o ABSOLUTE
    ../clib/angel/boardlib.s                 0x00000000   Number         0  boardshut.o ABSOLUTE
    ../clib/angel/boardlib.s                 0x00000000   Number         0  boardinit1.o ABSOLUTE
    ../clib/angel/handlers.s                 0x00000000   Number         0  __scatter_zi.o ABSOLUTE
    ../clib/angel/handlers.s                 0x00000000   Number         0  __scatter_copy.o ABSOLUTE
    ../clib/angel/kernel.s                   0x00000000   Number         0  __rtentry4.o ABSOLUTE
    ../clib/angel/kernel.s                   0x00000000   Number         0  rtexit.o ABSOLUTE
    ../clib/angel/kernel.s                   0x00000000   Number         0  __rtentry2.o ABSOLUTE
    ../clib/angel/kernel.s                   0x00000000   Number         0  rtexit2.o ABSOLUTE
    ../clib/angel/kernel.s                   0x00000000   Number         0  __rtentry.o ABSOLUTE
    ../clib/angel/rt.s                       0x00000000   Number         0  rt_raise.o ABSOLUTE
    ../clib/angel/scatter.s                  0x00000000   Number         0  __scatter.o ABSOLUTE
    ../clib/angel/startup.s                  0x00000000   Number         0  __main.o ABSOLUTE
    ../clib/angel/sys.s                      0x00000000   Number         0  sys_stackheap_outer.o ABSOLUTE
    ../clib/angel/sys.s                      0x00000000   Number         0  libspace.o ABSOLUTE
    ../clib/angel/sys.s                      0x00000000   Number         0  indicate_semi.o ABSOLUTE
    ../clib/angel/sys.s                      0x00000000   Number         0  use_no_semi.o ABSOLUTE
    ../clib/angel/sysapp.c                   0x00000000   Number         0  sys_wrch.o ABSOLUTE
    ../clib/angel/sysapp.c                   0x00000000   Number         0  sys_exit.o ABSOLUTE
    ../clib/angel/sysapp.c                   0x00000000   Number         0  sys_command.o ABSOLUTE
    ../clib/armsys.c                         0x00000000   Number         0  argv_veneer.o ABSOLUTE
    ../clib/armsys.c                         0x00000000   Number         0  no_argv.o ABSOLUTE
    ../clib/armsys.c                         0x00000000   Number         0  _get_argv_nomalloc.o ABSOLUTE
    ../clib/armsys.c                         0x00000000   Number         0  argv_veneer.o ABSOLUTE
    ../clib/heapalloc.c                      0x00000000   Number         0  hrguard.o ABSOLUTE
    ../clib/heapaux.c                        0x00000000   Number         0  heapauxi.o ABSOLUTE
    ../clib/libinit.s                        0x00000000   Number         0  libshutdown2.o ABSOLUTE
    ../clib/libinit.s                        0x00000000   Number         0  libshutdown.o ABSOLUTE
    ../clib/libinit.s                        0x00000000   Number         0  libinit2.o ABSOLUTE
    ../clib/libinit.s                        0x00000000   Number         0  libinit.o ABSOLUTE
    ../clib/memcpset.s                       0x00000000   Number         0  rt_memclr_w.o ABSOLUTE
    ../clib/memcpset.s                       0x00000000   Number         0  rt_memcpy_w.o ABSOLUTE
    ../clib/signal.c                         0x00000000   Number         0  defsig_exit.o ABSOLUTE
    ../clib/signal.c                         0x00000000   Number         0  defsig_rtmem_inner.o ABSOLUTE
    ../clib/signal.c                         0x00000000   Number         0  __raise.o ABSOLUTE
    ../clib/signal.c                         0x00000000   Number         0  defsig_general.o ABSOLUTE
    ../clib/signal.c                         0x00000000   Number         0  defsig_rtmem_formal.o ABSOLUTE
    ../clib/signal.c                         0x00000000   Number         0  defsig_rtmem_outer.o ABSOLUTE
    ../clib/signal.c                         0x00000000   Number         0  defsig_other.o ABSOLUTE
    ../clib/signal.c                         0x00000000   Number         0  defsig_segv_inner.o ABSOLUTE
    ../clib/signal.c                         0x00000000   Number         0  defsig_cppl_inner.o ABSOLUTE
    ../clib/signal.c                         0x00000000   Number         0  defsig_pvfn_inner.o ABSOLUTE
    ../clib/signal.c                         0x00000000   Number         0  defsig_stak_inner.o ABSOLUTE
    ../clib/signal.c                         0x00000000   Number         0  defsig_rtred_inner.o ABSOLUTE
    ../clib/signal.c                         0x00000000   Number         0  defsig_fpe_inner.o ABSOLUTE
    ../clib/signal.c                         0x00000000   Number         0  defsig_abrt_inner.o ABSOLUTE
    ../clib/signal.s                         0x00000000   Number         0  defsig.o ABSOLUTE
    ../clib/stdlib.c                         0x00000000   Number         0  exit.o ABSOLUTE
    ../fplib/fpinit.s                        0x00000000   Number         0  fpinit.o ABSOLUTE
    AF_LCD_LIB\AF_LCD.cpp                    0x00000000   Number         0  af_lcd.o ABSOLUTE
    AF_LCD_LIB\\AF_LCD.cpp                   0x00000000   Number         0  af_lcd.o ABSOLUTE
    AF_LIB\AF_CPU.cpp                        0x00000000   Number         0  af_cpu.o ABSOLUTE
    AF_LIB\AF_string.cpp                     0x00000000   Number         0  af_string.o ABSOLUTE
    AF_LIB\UART.cpp                          0x00000000   Number         0  uart.o ABSOLUTE
    AF_LIB\\AF_CPU.cpp                       0x00000000   Number         0  af_cpu.o ABSOLUTE
    AF_LIB\\UART.cpp                         0x00000000   Number         0  uart.o ABSOLUTE
    dc.s                                     0x00000000   Number         0  dc.o ABSOLUTE
    main.cpp                                 0x00000000   Number         0  main.o ABSOLUTE
    main.cpp                                 0x00000000   Number         0  main.o ABSOLUTE
    startup_LPC17xx.s                        0x00000000   Number         0  startup_lpc17xx.o ABSOLUTE
    system_LPC17xx.c                         0x00000000   Number         0  system_lpc17xx.o ABSOLUTE
    system_LPC17xx.c                         0x00000000   Number         0  system_lpc17xx.o ABSOLUTE
    RESET                                    0x00002000   Section      204  startup_lpc17xx.o(RESET)
    !!!main                                  0x000020cc   Section        8  __main.o(!!!main)
    !!!scatter                               0x000020d4   Section       52  __scatter.o(!!!scatter)
    !!handler_copy                           0x00002108   Section       26  __scatter_copy.o(!!handler_copy)
    !!handler_zi                             0x00002124   Section       28  __scatter_zi.o(!!handler_zi)
    .ARM.Collect$$libinit$$00000000          0x00002140   Section        2  libinit.o(.ARM.Collect$$libinit$$00000000)
    .ARM.Collect$$libinit$$00000002          0x00002142   Section        0  libinit2.o(.ARM.Collect$$libinit$$00000002)
    .ARM.Collect$$libinit$$00000004          0x00002142   Section        0  libinit2.o(.ARM.Collect$$libinit$$00000004)
    .ARM.Collect$$libinit$$0000000A          0x00002142   Section        0  libinit2.o(.ARM.Collect$$libinit$$0000000A)
    .ARM.Collect$$libinit$$0000000C          0x00002142   Section        0  libinit2.o(.ARM.Collect$$libinit$$0000000C)
    .ARM.Collect$$libinit$$0000000E          0x00002142   Section        0  libinit2.o(.ARM.Collect$$libinit$$0000000E)
    .ARM.Collect$$libinit$$00000011          0x00002142   Section        0  libinit2.o(.ARM.Collect$$libinit$$00000011)
    .ARM.Collect$$libinit$$00000013          0x00002142   Section        0  libinit2.o(.ARM.Collect$$libinit$$00000013)
    .ARM.Collect$$libinit$$00000015          0x00002142   Section        0  libinit2.o(.ARM.Collect$$libinit$$00000015)
    .ARM.Collect$$libinit$$00000017          0x00002142   Section        0  libinit2.o(.ARM.Collect$$libinit$$00000017)
    .ARM.Collect$$libinit$$00000019          0x00002142   Section        0  libinit2.o(.ARM.Collect$$libinit$$00000019)
    .ARM.Collect$$libinit$$0000001B          0x00002142   Section        0  libinit2.o(.ARM.Collect$$libinit$$0000001B)
    .ARM.Collect$$libinit$$0000001D          0x00002142   Section        0  libinit2.o(.ARM.Collect$$libinit$$0000001D)
    .ARM.Collect$$libinit$$0000001F          0x00002142   Section        0  libinit2.o(.ARM.Collect$$libinit$$0000001F)
    .ARM.Collect$$libinit$$00000021          0x00002142   Section        0  libinit2.o(.ARM.Collect$$libinit$$00000021)
    .ARM.Collect$$libinit$$00000023          0x00002142   Section        0  libinit2.o(.ARM.Collect$$libinit$$00000023)
    .ARM.Collect$$libinit$$00000025          0x00002142   Section        0  libinit2.o(.ARM.Collect$$libinit$$00000025)
    .ARM.Collect$$libinit$$0000002C          0x00002142   Section        0  libinit2.o(.ARM.Collect$$libinit$$0000002C)
    .ARM.Collect$$libinit$$0000002E          0x00002142   Section        0  libinit2.o(.ARM.Collect$$libinit$$0000002E)
    .ARM.Collect$$libinit$$00000030          0x00002142   Section        0  libinit2.o(.ARM.Collect$$libinit$$00000030)
    .ARM.Collect$$libinit$$00000032          0x00002142   Section        0  libinit2.o(.ARM.Collect$$libinit$$00000032)
    .ARM.Collect$$libinit$$00000033          0x00002142   Section        2  libinit2.o(.ARM.Collect$$libinit$$00000033)
    .ARM.Collect$$libshutdown$$00000000      0x00002144   Section        2  libshutdown.o(.ARM.Collect$$libshutdown$$00000000)
    .ARM.Collect$$libshutdown$$00000003      0x00002146   Section        0  libshutdown2.o(.ARM.Collect$$libshutdown$$00000003)
    .ARM.Collect$$libshutdown$$00000006      0x00002146   Section        0  libshutdown2.o(.ARM.Collect$$libshutdown$$00000006)
    .ARM.Collect$$libshutdown$$00000009      0x00002146   Section        0  libshutdown2.o(.ARM.Collect$$libshutdown$$00000009)
    .ARM.Collect$$libshutdown$$0000000B      0x00002146   Section        0  libshutdown2.o(.ARM.Collect$$libshutdown$$0000000B)
    .ARM.Collect$$libshutdown$$0000000E      0x00002146   Section        0  libshutdown2.o(.ARM.Collect$$libshutdown$$0000000E)
    .ARM.Collect$$libshutdown$$0000000F      0x00002146   Section        2  libshutdown2.o(.ARM.Collect$$libshutdown$$0000000F)
    .ARM.Collect$$rtentry$$00000000          0x00002148   Section        0  __rtentry.o(.ARM.Collect$$rtentry$$00000000)
    .ARM.Collect$$rtentry$$00000002          0x00002148   Section        0  __rtentry2.o(.ARM.Collect$$rtentry$$00000002)
    .ARM.Collect$$rtentry$$00000004          0x00002148   Section        6  __rtentry4.o(.ARM.Collect$$rtentry$$00000004)
    .ARM.Collect$$rtentry$$00000009          0x0000214e   Section        0  __rtentry2.o(.ARM.Collect$$rtentry$$00000009)
    .ARM.Collect$$rtentry$$0000000A          0x0000214e   Section        4  __rtentry2.o(.ARM.Collect$$rtentry$$0000000A)
    .ARM.Collect$$rtentry$$0000000C          0x00002152   Section        0  __rtentry2.o(.ARM.Collect$$rtentry$$0000000C)
    .ARM.Collect$$rtentry$$0000000D          0x00002152   Section        8  __rtentry2.o(.ARM.Collect$$rtentry$$0000000D)
    .ARM.Collect$$rtexit$$00000000           0x0000215a   Section        2  rtexit.o(.ARM.Collect$$rtexit$$00000000)
    .ARM.Collect$$rtexit$$00000002           0x0000215c   Section        0  rtexit2.o(.ARM.Collect$$rtexit$$00000002)
    .ARM.Collect$$rtexit$$00000003           0x0000215c   Section        4  rtexit2.o(.ARM.Collect$$rtexit$$00000003)
    .ARM.Collect$$rtexit$$00000004           0x00002160   Section        6  rtexit2.o(.ARM.Collect$$rtexit$$00000004)
    .emb_text                                0x00002168   Section        4  af_lcd.o(.emb_text)
    .text                                    0x0000216c   Section       60  startup_lpc17xx.o(.text)
    .text                                    0x000021a8   Section        0  system_lpc17xx.o(.text)
    .text                                    0x0000241c   Section        0  main.o(.text)
    .text                                    0x00002530   Section        0  uart.o(.text)
    .text                                    0x00002814   Section        0  af_cpu.o(.text)
    .text                                    0x00002854   Section        0  af_string.o(.text)
    .text                                    0x0000293c   Section        0  af_lcd.o(.text)
    [local to AF_LCD_cpp]::lcd_send(unsigned short) 0x000029b9   Thumb Code    84  af_lcd.o(.text)
    [local to AF_LCD_cpp]::wr_cmd(unsigned char) 0x00002a0d   Thumb Code    62  af_lcd.o(.text)
    [local to AF_LCD_cpp]::wr_dat(unsigned short) 0x00002a4b   Thumb Code    62  af_lcd.o(.text)
    .text                                    0x0000408e   Section      100  rt_memcpy_w.o(.text)
    .text                                    0x000040f2   Section       78  rt_memclr_w.o(.text)
    .text                                    0x00004140   Section        0  heapauxi.o(.text)
    .text                                    0x00004146   Section       74  sys_stackheap_outer.o(.text)
    .text                                    0x00004190   Section        0  exit.o(.text)
    .text                                    0x0000419c   Section        8  libspace.o(.text)
    .text                                    0x000041a4   Section        0  sys_exit.o(.text)
    .text                                    0x000041b0   Section        2  use_no_semi.o(.text)
    .text                                    0x000041b2   Section        0  indicate_semi.o(.text)
    i._ZN4UART10sendstringEPc                0x000041b2   Section        0  uart.o(i._ZN4UART10sendstringEPc)
    i._ZN4UART8sendcharEh                    0x000041ce   Section        0  uart.o(i._ZN4UART8sendcharEh)
    i._ZN4UARTC1Eai                          0x00004212   Section        0  main.o(i._ZN4UARTC1Eai)
    i._ZN6AF_LCD11wr_dat_onlyEt              0x00004280   Section        0  af_lcd.o(i._ZN6AF_LCD11wr_dat_onlyEt)
    i._ZN6AF_LCD11wr_dat_stopEv              0x000042ac   Section        0  af_lcd.o(i._ZN6AF_LCD11wr_dat_stopEv)
    i._ZN6AF_LCD12wr_dat_startEv             0x000042c0   Section        0  af_lcd.o(i._ZN6AF_LCD12wr_dat_startEv)
    i._ZN6AF_LCD6rd_datEv                    0x000042d4   Section        0  af_lcd.o(i._ZN6AF_LCD6rd_datEv)
    i._ZN6AF_LCD6wr_regEht                   0x00004340   Section        0  af_lcd.o(i._ZN6AF_LCD6wr_regEht)
    i._ZN6AF_LCDC1Ev                         0x00004370   Section        0  main.o(i._ZN6AF_LCDC1Ev)
    .constdata                               0x00004380   Section    32376  af_lcd.o(.constdata)
    Font_24x16                               0x00004380   Data       10752  af_lcd.o(.constdata)
    asc2_1206                                0x00006d80   Data        1140  af_lcd.o(.constdata)
    asc2_1608                                0x000071f4   Data        1600  af_lcd.o(.constdata)
    fontB_Roya24h_data_table                 0x00007834   Data       13950  af_lcd.o(.constdata)
    fontB_Roya24h_offset_table               0x0000aeb4   Data        1796  af_lcd.o(.constdata)
    fontB_Roya24h_width_table                0x0000b5b8   Data         896  af_lcd.o(.constdata)
    fontB_Roya24h_ascii_index_table          0x0000b938   Data         256  af_lcd.o(.constdata)
    fontB_Roya24h_glyph_ranges               0x0000ba38   Data         132  af_lcd.o(.constdata)
    fontB_Roya24h_glyph_set                  0x0000babc   Data          12  af_lcd.o(.constdata)
    fontB_Roya24h_arabic2_table              0x0000baf4   Data        1796  af_lcd.o(.constdata)
    .data                                    0x10000000   Section        4  system_lpc17xx.o(.data)
    .data                                    0x10000004   Section       16  af_string.o(.data)
    .data                                    0x10000014   Section       21  af_lcd.o(.data)
    DeviceCode                               0x10000014   Data           2  af_lcd.o(.data)
    TextColor                                0x10000016   Data           2  af_lcd.o(.data)
    BackColor                                0x10000018   Data           2  af_lcd.o(.data)
    _curX                                    0x1000001a   Data           1  af_lcd.o(.data)
    _curY                                    0x1000001c   Data           2  af_lcd.o(.data)
    irecycle                                 0x1000001e   Data           1  af_lcd.o(.data)
    AF_LCD::write_pic(int, int, const unsigned short*)::x 0x10000020   Data           4  af_lcd.o(.data)
    AF_LCD::write_pic(int, int, const unsigned short*)::y 0x10000024   Data           4  af_lcd.o(.data)
    AF_FLCD::ShowString(char*)::isStick      0x10000028   Data           1  af_lcd.o(.data)
    .bss                                     0x1000002c   Section       32  af_string.o(.bss)
    .bss                                     0x1000004c   Section       96  libspace.o(.bss)
    HEAP                                     0x100000b0   Section        0  startup_lpc17xx.o(HEAP)
    STACK                                    0x100000b0   Section      512  startup_lpc17xx.o(STACK)
    Heap_Mem                                 0x100000b0   Data           0  startup_lpc17xx.o(HEAP)
    Stack_Mem                                0x100000b0   Data         512  startup_lpc17xx.o(STACK)
    __initial_sp                             0x100002b0   Data           0  startup_lpc17xx.o(STACK)

    Global Symbols

    Symbol Name                              Value     Ov Type        Size  Object(Section)

    BuildAttributes$$THM_ISAv4$P$D$K$B$S$PE$A:L22UL41UL21$X:L11$S22US41US21$IEEE1$IW$USESV6$~STKCKD$USESV7$~SHL$OSPACE$ROPI$EBA8$UX$STANDARDLIB$REQ8$PRES8$EABIv2 0x00000000   Number         0  anon$$obj.o ABSOLUTE
    __ARM_use_no_argv                        0x00000000   Number         0  main.o ABSOLUTE
    __ARM_exceptions_init                     - Undefined Weak Reference
    __alloca_initialize                       - Undefined Weak Reference
    __arm_preinit_                            - Undefined Weak Reference
    __cpp_initialize__aeabi_                  - Undefined Weak Reference
    __cxa_finalize                            - Undefined Weak Reference
    __rt_locale                               - Undefined Weak Reference
    __sigvec_lookup                           - Undefined Weak Reference
    _atexit_init                              - Undefined Weak Reference
    _call_atexit_fns                          - Undefined Weak Reference
    _clock_init                               - Undefined Weak Reference
    _fp_trap_init                             - Undefined Weak Reference
    _fp_trap_shutdown                         - Undefined Weak Reference
    _get_lc_collate                           - Undefined Weak Reference
    _get_lc_ctype                             - Undefined Weak Reference
    _get_lc_monetary                          - Undefined Weak Reference
    _get_lc_numeric                           - Undefined Weak Reference
    _get_lc_time                              - Undefined Weak Reference
    _getenv_init                              - Undefined Weak Reference
    _handle_redirection                       - Undefined Weak Reference
    _init_alloc                               - Undefined Weak Reference
    _init_user_alloc                          - Undefined Weak Reference
    _initio                                   - Undefined Weak Reference
    _rand_init                                - Undefined Weak Reference
    _signal_finish                            - Undefined Weak Reference
    _signal_init                              - Undefined Weak Reference
    _terminate_alloc                          - Undefined Weak Reference
    _terminate_user_alloc                     - Undefined Weak Reference
    _terminateio                              - Undefined Weak Reference
    __Vectors                                0x00002000   Data           4  startup_lpc17xx.o(RESET)
    __main                                   0x000020cd   Thumb Code     8  __main.o(!!!main)
    __scatterload                            0x000020d5   Thumb Code     0  __scatter.o(!!!scatter)
    __scatterload_rt2                        0x000020d5   Thumb Code    44  __scatter.o(!!!scatter)
    __scatterload_rt2_thumb_only             0x000020d5   Thumb Code     0  __scatter.o(!!!scatter)
    __scatterload_null                       0x000020e3   Thumb Code     0  __scatter.o(!!!scatter)
    __scatterload_copy                       0x00002109   Thumb Code    26  __scatter_copy.o(!!handler_copy)
    __scatterload_zeroinit                   0x00002125   Thumb Code    28  __scatter_zi.o(!!handler_zi)
    __rt_lib_init                            0x00002141   Thumb Code     0  libinit.o(.ARM.Collect$$libinit$$00000000)
    __rt_lib_init_alloca_1                   0x00002143   Thumb Code     0  libinit2.o(.ARM.Collect$$libinit$$0000002E)
    __rt_lib_init_argv_1                     0x00002143   Thumb Code     0  libinit2.o(.ARM.Collect$$libinit$$0000002C)
    __rt_lib_init_atexit_1                   0x00002143   Thumb Code     0  libinit2.o(.ARM.Collect$$libinit$$0000001B)
    __rt_lib_init_clock_1                    0x00002143   Thumb Code     0  libinit2.o(.ARM.Collect$$libinit$$00000021)
    __rt_lib_init_cpp_1                      0x00002143   Thumb Code     0  libinit2.o(.ARM.Collect$$libinit$$00000032)
    __rt_lib_init_exceptions_1               0x00002143   Thumb Code     0  libinit2.o(.ARM.Collect$$libinit$$00000030)
    __rt_lib_init_fp_1                       0x00002143   Thumb Code     0  libinit2.o(.ARM.Collect$$libinit$$00000002)
    __rt_lib_init_fp_trap_1                  0x00002143   Thumb Code     0  libinit2.o(.ARM.Collect$$libinit$$0000001F)
    __rt_lib_init_getenv_1                   0x00002143   Thumb Code     0  libinit2.o(.ARM.Collect$$libinit$$00000023)
    __rt_lib_init_heap_1                     0x00002143   Thumb Code     0  libinit2.o(.ARM.Collect$$libinit$$0000000A)
    __rt_lib_init_lc_collate_1               0x00002143   Thumb Code     0  libinit2.o(.ARM.Collect$$libinit$$00000011)
    __rt_lib_init_lc_ctype_1                 0x00002143   Thumb Code     0  libinit2.o(.ARM.Collect$$libinit$$00000013)
    __rt_lib_init_lc_monetary_1              0x00002143   Thumb Code     0  libinit2.o(.ARM.Collect$$libinit$$00000015)
    __rt_lib_init_lc_numeric_1               0x00002143   Thumb Code     0  libinit2.o(.ARM.Collect$$libinit$$00000017)
    __rt_lib_init_lc_time_1                  0x00002143   Thumb Code     0  libinit2.o(.ARM.Collect$$libinit$$00000019)
    __rt_lib_init_preinit_1                  0x00002143   Thumb Code     0  libinit2.o(.ARM.Collect$$libinit$$00000004)
    __rt_lib_init_rand_1                     0x00002143   Thumb Code     0  libinit2.o(.ARM.Collect$$libinit$$0000000E)
    __rt_lib_init_return                     0x00002143   Thumb Code     0  libinit2.o(.ARM.Collect$$libinit$$00000033)
    __rt_lib_init_signal_1                   0x00002143   Thumb Code     0  libinit2.o(.ARM.Collect$$libinit$$0000001D)
    __rt_lib_init_stdio_1                    0x00002143   Thumb Code     0  libinit2.o(.ARM.Collect$$libinit$$00000025)
    __rt_lib_init_user_alloc_1               0x00002143   Thumb Code     0  libinit2.o(.ARM.Collect$$libinit$$0000000C)
    __rt_lib_shutdown                        0x00002145   Thumb Code     0  libshutdown.o(.ARM.Collect$$libshutdown$$00000000)
    __rt_lib_shutdown_fp_trap_1              0x00002147   Thumb Code     0  libshutdown2.o(.ARM.Collect$$libshutdown$$00000006)
    __rt_lib_shutdown_heap_1                 0x00002147   Thumb Code     0  libshutdown2.o(.ARM.Collect$$libshutdown$$0000000E)
    __rt_lib_shutdown_return                 0x00002147   Thumb Code     0  libshutdown2.o(.ARM.Collect$$libshutdown$$0000000F)
    __rt_lib_shutdown_signal_1               0x00002147   Thumb Code     0  libshutdown2.o(.ARM.Collect$$libshutdown$$00000009)
    __rt_lib_shutdown_stdio_1                0x00002147   Thumb Code     0  libshutdown2.o(.ARM.Collect$$libshutdown$$00000003)
    __rt_lib_shutdown_user_alloc_1           0x00002147   Thumb Code     0  libshutdown2.o(.ARM.Collect$$libshutdown$$0000000B)
    __rt_entry                               0x00002149   Thumb Code     0  __rtentry.o(.ARM.Collect$$rtentry$$00000000)
    __rt_entry_presh_1                       0x00002149   Thumb Code     0  __rtentry2.o(.ARM.Collect$$rtentry$$00000002)
    __rt_entry_sh                            0x00002149   Thumb Code     0  __rtentry4.o(.ARM.Collect$$rtentry$$00000004)
    __rt_entry_li                            0x0000214f   Thumb Code     0  __rtentry2.o(.ARM.Collect$$rtentry$$0000000A)
    __rt_entry_postsh_1                      0x0000214f   Thumb Code     0  __rtentry2.o(.ARM.Collect$$rtentry$$00000009)
    __rt_entry_main                          0x00002153   Thumb Code     0  __rtentry2.o(.ARM.Collect$$rtentry$$0000000D)
    __rt_entry_postli_1                      0x00002153   Thumb Code     0  __rtentry2.o(.ARM.Collect$$rtentry$$0000000C)
    __rt_exit                                0x0000215b   Thumb Code     0  rtexit.o(.ARM.Collect$$rtexit$$00000000)
    __rt_exit_ls                             0x0000215d   Thumb Code     0  rtexit2.o(.ARM.Collect$$rtexit$$00000003)
    __rt_exit_prels_1                        0x0000215d   Thumb Code     0  rtexit2.o(.ARM.Collect$$rtexit$$00000002)
    __rt_exit_exit                           0x00002161   Thumb Code     0  rtexit2.o(.ARM.Collect$$rtexit$$00000004)
    wait()                                   0x00002169   Thumb Code     4  af_lcd.o(.emb_text)
    Reset_Handler                            0x0000216d   Thumb Code     8  startup_lpc17xx.o(.text)
    NMI_Handler                              0x00002175   Thumb Code     2  startup_lpc17xx.o(.text)
    HardFault_Handler                        0x00002177   Thumb Code     2  startup_lpc17xx.o(.text)
    MemManage_Handler                        0x00002179   Thumb Code     2  startup_lpc17xx.o(.text)
    BusFault_Handler                         0x0000217b   Thumb Code     2  startup_lpc17xx.o(.text)
    UsageFault_Handler                       0x0000217d   Thumb Code     2  startup_lpc17xx.o(.text)
    SVC_Handler                              0x0000217f   Thumb Code     2  startup_lpc17xx.o(.text)
    DebugMon_Handler                         0x00002181   Thumb Code     2  startup_lpc17xx.o(.text)
    PendSV_Handler                           0x00002183   Thumb Code     2  startup_lpc17xx.o(.text)
    SysTick_Handler                          0x00002185   Thumb Code     2  startup_lpc17xx.o(.text)
    ADC_IRQHandler                           0x00002187   Thumb Code     0  startup_lpc17xx.o(.text)
    BOD_IRQHandler                           0x00002187   Thumb Code     0  startup_lpc17xx.o(.text)
    CANActivity_IRQHandler                   0x00002187   Thumb Code     0  startup_lpc17xx.o(.text)
    CAN_IRQHandler                           0x00002187   Thumb Code     0  startup_lpc17xx.o(.text)
    DMA_IRQHandler                           0x00002187   Thumb Code     0  startup_lpc17xx.o(.text)
    EINT0_IRQHandler                         0x00002187   Thumb Code     0  startup_lpc17xx.o(.text)
    EINT1_IRQHandler                         0x00002187   Thumb Code     0  startup_lpc17xx.o(.text)
    EINT2_IRQHandler                         0x00002187   Thumb Code     0  startup_lpc17xx.o(.text)
    EINT3_IRQHandler                         0x00002187   Thumb Code     0  startup_lpc17xx.o(.text)
    ENET_IRQHandler                          0x00002187   Thumb Code     0  startup_lpc17xx.o(.text)
    I2C0_IRQHandler                          0x00002187   Thumb Code     0  startup_lpc17xx.o(.text)
    I2C1_IRQHandler                          0x00002187   Thumb Code     0  startup_lpc17xx.o(.text)
    I2C2_IRQHandler                          0x00002187   Thumb Code     0  startup_lpc17xx.o(.text)
    I2S_IRQHandler                           0x00002187   Thumb Code     0  startup_lpc17xx.o(.text)
    MCPWM_IRQHandler                         0x00002187   Thumb Code     0  startup_lpc17xx.o(.text)
    PLL0_IRQHandler                          0x00002187   Thumb Code     0  startup_lpc17xx.o(.text)
    PLL1_IRQHandler                          0x00002187   Thumb Code     0  startup_lpc17xx.o(.text)
    PWM1_IRQHandler                          0x00002187   Thumb Code     0  startup_lpc17xx.o(.text)
    QEI_IRQHandler                           0x00002187   Thumb Code     0  startup_lpc17xx.o(.text)
    RIT_IRQHandler                           0x00002187   Thumb Code     0  startup_lpc17xx.o(.text)
    RTC_IRQHandler                           0x00002187   Thumb Code     0  startup_lpc17xx.o(.text)
    SPI_IRQHandler                           0x00002187   Thumb Code     0  startup_lpc17xx.o(.text)
    SSP0_IRQHandler                          0x00002187   Thumb Code     0  startup_lpc17xx.o(.text)
    SSP1_IRQHandler                          0x00002187   Thumb Code     0  startup_lpc17xx.o(.text)
    TIMER0_IRQHandler                        0x00002187   Thumb Code     0  startup_lpc17xx.o(.text)
    TIMER1_IRQHandler                        0x00002187   Thumb Code     0  startup_lpc17xx.o(.text)
    TIMER2_IRQHandler                        0x00002187   Thumb Code     0  startup_lpc17xx.o(.text)
    TIMER3_IRQHandler                        0x00002187   Thumb Code     0  startup_lpc17xx.o(.text)
    UART0_IRQHandler                         0x00002187   Thumb Code     0  startup_lpc17xx.o(.text)
    UART1_IRQHandler                         0x00002187   Thumb Code     0  startup_lpc17xx.o(.text)
    UART2_IRQHandler                         0x00002187   Thumb Code     0  startup_lpc17xx.o(.text)
    UART3_IRQHandler                         0x00002187   Thumb Code     0  startup_lpc17xx.o(.text)
    USBActivity_IRQHandler                   0x00002187   Thumb Code     0  startup_lpc17xx.o(.text)
    USB_IRQHandler                           0x00002187   Thumb Code     0  startup_lpc17xx.o(.text)
    WDT_IRQHandler                           0x00002187   Thumb Code     0  startup_lpc17xx.o(.text)
    __user_initial_stackheap                 0x00002189   Thumb Code     0  startup_lpc17xx.o(.text)
    SystemCoreClockUpdate                    0x000021a9   Thumb Code   306  system_lpc17xx.o(.text)
    SystemInit                               0x000022db   Thumb Code   292  system_lpc17xx.o(.text)
    main                                     0x0000241d   Thumb Code   176  main.o(.text)
    UART::uart0_init()                       0x00002531   Thumb Code    68  uart.o(.text)
    UART::uart1_init()                       0x00002575   Thumb Code    78  uart.o(.text)
    UART::uart2_init()                       0x000025c3   Thumb Code    68  uart.o(.text)
    UART::uart3_init()                       0x00002607   Thumb Code    68  uart.o(.text)
    UART::getchar0()                         0x0000264b   Thumb Code    22  uart.o(.text)
    UART::getchar1()                         0x00002661   Thumb Code    22  uart.o(.text)
    UART::getchar2()                         0x00002677   Thumb Code    22  uart.o(.text)
    UART::getchar3()                         0x0000268d   Thumb Code    22  uart.o(.text)
    UART::sendchar0(unsigned char)           0x000026a3   Thumb Code    28  uart.o(.text)
    UART::sendchar1(unsigned char)           0x000026bf   Thumb Code    28  uart.o(.text)
    UART::sendchar2(unsigned char)           0x000026db   Thumb Code    28  uart.o(.text)
    UART::sendchar3(unsigned char)           0x000026f7   Thumb Code    28  uart.o(.text)
    UART::printf(const char*, ...)           0x00002713   Thumb Code   230  uart.o(.text)
    CPU::GetCpuClk()                         0x00002815   Thumb Code    54  af_cpu.o(.text)
    itoa(unsigned, unsigned, char*)          0x00002855   Thumb Code    84  af_string.o(.text)
    itoa_s(int, unsigned, char*)             0x000028a9   Thumb Code    40  af_string.o(.text)
    strcpy(char*, const char*)               0x000028d1   Thumb Code    22  af_string.o(.text)
    strlen(const char*)                      0x000028e7   Thumb Code    18  af_string.o(.text)
    memcpy(void*, const void*, unsigned)     0x000028f9   Thumb Code    24  af_string.o(.text)
    memset(void*, char, unsigned)            0x00002911   Thumb Code    16  af_string.o(.text)
    memsetw(unsigned short*, unsigned short, unsigned) 0x00002921   Thumb Code    18  af_string.o(.text)
    GetExtendedIndex_roya(unsigned short, const FONTHEADER_BFC*) 0x0000293d   Thumb Code   112  af_lcd.o(.text)
    GetX()                                   0x000029ad   Thumb Code     6  af_lcd.o(.text)
    GetY()                                   0x000029b3   Thumb Code     6  af_lcd.o(.text)
    AF_LCD::wait_delay(int)                  0x00002a89   Thumb Code    12  af_lcd.o(.text)
    AF_LCD::delay(int)                       0x00002a95   Thumb Code    14  af_lcd.o(.text)
    AF_LCD::mypow(unsigned char, unsigned char) 0x00002aa3   Thumb Code    22  af_lcd.o(.text)
    AF_LCD::SetCursor(unsigned char, unsigned short) 0x00002ab9   Thumb Code    80  af_lcd.o(.text)
    AF_LCD::WindowMax()                      0x00002b09   Thumb Code    40  af_lcd.o(.text)
    AF_LCD::DrawPoint1(unsigned short, unsigned short, unsigned short) 0x00002b31   Thumb Code    64  af_lcd.o(.text)
    AF_LCD::WriteRAM_Prepare()               0x00002b71   Thumb Code    12  af_lcd.o(.text)
    AF_LCD::rd_reg(unsigned short)           0x00002b7d   Thumb Code    46  af_lcd.o(.text)
    AF_LCD::changeXY()                       0x00002bab   Thumb Code    36  af_lcd.o(.text)
    AF_LCD::DrawPoint(unsigned short, unsigned short) 0x00002bcf   Thumb Code    60  af_lcd.o(.text)
    AF_LCD::ShowChar(char)                   0x00002c0b   Thumb Code   420  af_lcd.o(.text)
    AF_LCD::Clear(unsigned short)            0x00002daf   Thumb Code    68  af_lcd.o(.text)
    AF_LCD::ShowString(char*)                0x00002df3   Thumb Code    80  af_lcd.o(.text)
    AF_LCD::printf(const char*, ...)         0x00002e43   Thumb Code   230  af_lcd.o(.text)
    AF_LCD::Init()                           0x00002f29   Thumb Code  1754  af_lcd.o(.text)
    AF_LCD::PutPixel(unsigned, unsigned)     0x00003603   Thumb Code    62  af_lcd.o(.text)
    AF_LCD::SetTextColor(unsigned short)     0x00003641   Thumb Code     6  af_lcd.o(.text)
    AF_LCD::SetBackColor(unsigned short)     0x00003647   Thumb Code     6  af_lcd.o(.text)
    AF_LCD::DrawChar(unsigned, unsigned, unsigned short*) 0x0000364d   Thumb Code   156  af_lcd.o(.text)
    AF_LCD::DisplayChar(unsigned, unsigned, unsigned char) 0x000036e9   Thumb Code    68  af_lcd.o(.text)
    AF_LCD::DisplayString(unsigned, unsigned, unsigned char*) 0x0000372d   Thumb Code    46  af_lcd.o(.text)
    AF_LCD::ClearLn(unsigned)                0x0000375b   Thumb Code    14  af_lcd.o(.text)
    AF_LCD::Bargraph(unsigned, unsigned, unsigned, unsigned, unsigned) 0x00003769   Thumb Code   156  af_lcd.o(.text)
    AF_LCD::Bitmap(unsigned, unsigned, unsigned, unsigned, unsigned char*) 0x00003805   Thumb Code   158  af_lcd.o(.text)
    AF_LCD::Bmp(unsigned, unsigned, unsigned, unsigned, unsigned char*) 0x000038a3   Thumb Code   154  af_lcd.o(.text)
    AF_LCD::Fill(unsigned char, unsigned short, unsigned char, unsigned short, unsigned short) 0x0000393d   Thumb Code   148  af_lcd.o(.text)
    AF_LCD::DrawLine(unsigned short, unsigned short, unsigned short, unsigned short) 0x000039d1   Thumb Code   172  af_lcd.o(.text)
    AF_LCD::DrawRectangle(unsigned char, unsigned short, unsigned char, unsigned short) 0x00003a7d   Thumb Code    74  af_lcd.o(.text)
    AF_LCD::Draw_Circle(unsigned char, unsigned short, unsigned char) 0x00003ac7   Thumb Code   198  af_lcd.o(.text)
    AF_LCD::ShowNum(unsigned char, unsigned short, unsigned, unsigned char, unsigned char) 0x00003b8d   Thumb Code   118  af_lcd.o(.text)
    AF_LCD::Show2Num(unsigned char, unsigned short, unsigned short, unsigned char, unsigned char, unsigned char) 0x00003c03   Thumb Code    72  af_lcd.o(.text)
    AF_LCD::write_pic(int, int, const unsigned short*) 0x00003c4b   Thumb Code   138  af_lcd.o(.text)
    AF_LCD::write_pic_fast(const unsigned short*) 0x00003cd5   Thumb Code    72  af_lcd.o(.text)
    AF_FLCD::ShowCharF(unsigned short, unsigned short, unsigned char) 0x00003d1d   Thumb Code   368  af_lcd.o(.text)
    AF_FLCD::ShowString(char*)               0x00003e8d   Thumb Code   338  af_lcd.o(.text)
    AF_FLCD::changeXY()                      0x00003fdf   Thumb Code    36  af_lcd.o(.text)
    AF_FLCD::recycle(char*)                  0x00004003   Thumb Code   140  af_lcd.o(.text)
    __aeabi_memcpy4                          0x0000408f   Thumb Code     0  rt_memcpy_w.o(.text)
    __aeabi_memcpy8                          0x0000408f   Thumb Code     0  rt_memcpy_w.o(.text)
    __rt_memcpy_w                            0x0000408f   Thumb Code   100  rt_memcpy_w.o(.text)
    _memcpy_lastbytes_aligned                0x000040d7   Thumb Code     0  rt_memcpy_w.o(.text)
    __aeabi_memclr4                          0x000040f3   Thumb Code     0  rt_memclr_w.o(.text)
    __aeabi_memclr8                          0x000040f3   Thumb Code     0  rt_memclr_w.o(.text)
    __rt_memclr_w                            0x000040f3   Thumb Code    78  rt_memclr_w.o(.text)
    _memset_w                                0x000040f7   Thumb Code     0  rt_memclr_w.o(.text)
    __use_two_region_memory                  0x00004141   Thumb Code     2  heapauxi.o(.text)
    __rt_heap_escrow$2region                 0x00004143   Thumb Code     2  heapauxi.o(.text)
    __rt_heap_expand$2region                 0x00004145   Thumb Code     2  heapauxi.o(.text)
    __user_setup_stackheap                   0x00004147   Thumb Code    74  sys_stackheap_outer.o(.text)
    exit                                     0x00004191   Thumb Code    12  exit.o(.text)
    __user_libspace                          0x0000419d   Thumb Code     8  libspace.o(.text)
    __user_perproc_libspace                  0x0000419d   Thumb Code     0  libspace.o(.text)
    __user_perthread_libspace                0x0000419d   Thumb Code     0  libspace.o(.text)
    _sys_exit                                0x000041a5   Thumb Code     8  sys_exit.o(.text)
    __I$use$semihosting                      0x000041b1   Thumb Code     0  use_no_semi.o(.text)
    __use_no_semihosting_swi                 0x000041b1   Thumb Code     2  use_no_semi.o(.text)
    UART::sendstring(char*)                  0x000041b3   Thumb Code    28  uart.o(i._ZN4UART10sendstringEPc)
    __semihosting_library_function           0x000041b3   Thumb Code     0  indicate_semi.o(.text)
    UART::sendchar(unsigned char)            0x000041cf   Thumb Code    68  uart.o(i._ZN4UART8sendcharEh)
    UART::UART(signed char, int)             0x00004213   Thumb Code   110  main.o(i._ZN4UARTC1Eai)
    UART::UART__sub_object(signed char, int) 0x00004213   Thumb Code     0  main.o(i._ZN4UARTC1Eai)
    AF_LCD::wr_dat_only(unsigned short)      0x00004281   Thumb Code    40  af_lcd.o(i._ZN6AF_LCD11wr_dat_onlyEt)
    AF_LCD::wr_dat_stop()                    0x000042ad   Thumb Code    14  af_lcd.o(i._ZN6AF_LCD11wr_dat_stopEv)
    AF_LCD::wr_dat_start()                   0x000042c1   Thumb Code    14  af_lcd.o(i._ZN6AF_LCD12wr_dat_startEv)
    AF_LCD::rd_dat()                         0x000042d5   Thumb Code   104  af_lcd.o(i._ZN6AF_LCD6rd_datEv)
    AF_LCD::wr_reg(unsigned char, unsigned short) 0x00004341   Thumb Code    44  af_lcd.o(i._ZN6AF_LCD6wr_regEht)
    AF_LCD::AF_LCD()                         0x00004371   Thumb Code    14  main.o(i._ZN6AF_LCDC1Ev)
    AF_LCD::AF_LCD__sub_object()             0x00004371   Thumb Code     0  main.o(i._ZN6AF_LCDC1Ev)
    fontB_Roya24h                            0x0000bac8   Data          44  af_lcd.o(.constdata)
    Region$$Table$$Base                      0x0000c1f8   Number         0  anon$$obj.o(Region$$Table)
    Region$$Table$$Limit                     0x0000c218   Number         0  anon$$obj.o(Region$$Table)
    SystemCoreClock                          0x10000000   Data           4  system_lpc17xx.o(.data)
    bchars                                   0x10000004   Data          16  af_string.o(.data)
    tbuf                                     0x1000002c   Data          32  af_string.o(.bss)
    __libspace_start                         0x1000004c   Data          96  libspace.o(.bss)
    __temporary_stack_top$libspace           0x100000ac   Data           0  libspace.o(.bss)



==============================================================================

Memory Map of the image

  Image Entry point : 0x000020cd

  Load Region LR_IROM1 (Base: 0x00002000, Size: 0x0000a244, Max: 0x00080000, ABSOLUTE)

    Execution Region ER_IROM1 (Base: 0x00002000, Size: 0x0000a218, Max: 0x00080000, ABSOLUTE)

    Base Addr    Size         Type   Attr      Idx    E Section Name        Object

    0x00002000   0x000000cc   Data   RO            3    RESET               startup_lpc17xx.o
    0x000020cc   0x00000008   Code   RO          360  * !!!main             c_w.l(__main.o)
    0x000020d4   0x00000034   Code   RO          516    !!!scatter          c_w.l(__scatter.o)
    0x00002108   0x0000001a   Code   RO          518    !!handler_copy      c_w.l(__scatter_copy.o)
    0x00002122   0x00000002   PAD
    0x00002124   0x0000001c   Code   RO          520    !!handler_zi        c_w.l(__scatter_zi.o)
    0x00002140   0x00000002   Code   RO          387    .ARM.Collect$$libinit$$00000000  c_w.l(libinit.o)
    0x00002142   0x00000000   Code   RO          394    .ARM.Collect$$libinit$$00000002  c_w.l(libinit2.o)
    0x00002142   0x00000000   Code   RO          396    .ARM.Collect$$libinit$$00000004  c_w.l(libinit2.o)
    0x00002142   0x00000000   Code   RO          399    .ARM.Collect$$libinit$$0000000A  c_w.l(libinit2.o)
    0x00002142   0x00000000   Code   RO          401    .ARM.Collect$$libinit$$0000000C  c_w.l(libinit2.o)
    0x00002142   0x00000000   Code   RO          403    .ARM.Collect$$libinit$$0000000E  c_w.l(libinit2.o)
    0x00002142   0x00000000   Code   RO          406    .ARM.Collect$$libinit$$00000011  c_w.l(libinit2.o)
    0x00002142   0x00000000   Code   RO          408    .ARM.Collect$$libinit$$00000013  c_w.l(libinit2.o)
    0x00002142   0x00000000   Code   RO          410    .ARM.Collect$$libinit$$00000015  c_w.l(libinit2.o)
    0x00002142   0x00000000   Code   RO          412    .ARM.Collect$$libinit$$00000017  c_w.l(libinit2.o)
    0x00002142   0x00000000   Code   RO          414    .ARM.Collect$$libinit$$00000019  c_w.l(libinit2.o)
    0x00002142   0x00000000   Code   RO          416    .ARM.Collect$$libinit$$0000001B  c_w.l(libinit2.o)
    0x00002142   0x00000000   Code   RO          418    .ARM.Collect$$libinit$$0000001D  c_w.l(libinit2.o)
    0x00002142   0x00000000   Code   RO          420    .ARM.Collect$$libinit$$0000001F  c_w.l(libinit2.o)
    0x00002142   0x00000000   Code   RO          422    .ARM.Collect$$libinit$$00000021  c_w.l(libinit2.o)
    0x00002142   0x00000000   Code   RO          424    .ARM.Collect$$libinit$$00000023  c_w.l(libinit2.o)
    0x00002142   0x00000000   Code   RO          426    .ARM.Collect$$libinit$$00000025  c_w.l(libinit2.o)
    0x00002142   0x00000000   Code   RO          430    .ARM.Collect$$libinit$$0000002C  c_w.l(libinit2.o)
    0x00002142   0x00000000   Code   RO          432    .ARM.Collect$$libinit$$0000002E  c_w.l(libinit2.o)
    0x00002142   0x00000000   Code   RO          434    .ARM.Collect$$libinit$$00000030  c_w.l(libinit2.o)
    0x00002142   0x00000000   Code   RO          436    .ARM.Collect$$libinit$$00000032  c_w.l(libinit2.o)
    0x00002142   0x00000002   Code   RO          437    .ARM.Collect$$libinit$$00000033  c_w.l(libinit2.o)
    0x00002144   0x00000002   Code   RO          457    .ARM.Collect$$libshutdown$$00000000  c_w.l(libshutdown.o)
    0x00002146   0x00000000   Code   RO          471    .ARM.Collect$$libshutdown$$00000003  c_w.l(libshutdown2.o)
    0x00002146   0x00000000   Code   RO          474    .ARM.Collect$$libshutdown$$00000006  c_w.l(libshutdown2.o)
    0x00002146   0x00000000   Code   RO          477    .ARM.Collect$$libshutdown$$00000009  c_w.l(libshutdown2.o)
    0x00002146   0x00000000   Code   RO          479    .ARM.Collect$$libshutdown$$0000000B  c_w.l(libshutdown2.o)
    0x00002146   0x00000000   Code   RO          482    .ARM.Collect$$libshutdown$$0000000E  c_w.l(libshutdown2.o)
    0x00002146   0x00000002   Code   RO          483    .ARM.Collect$$libshutdown$$0000000F  c_w.l(libshutdown2.o)
    0x00002148   0x00000000   Code   RO          362    .ARM.Collect$$rtentry$$00000000  c_w.l(__rtentry.o)
    0x00002148   0x00000000   Code   RO          364    .ARM.Collect$$rtentry$$00000002  c_w.l(__rtentry2.o)
    0x00002148   0x00000006   Code   RO          376    .ARM.Collect$$rtentry$$00000004  c_w.l(__rtentry4.o)
    0x0000214e   0x00000000   Code   RO          366    .ARM.Collect$$rtentry$$00000009  c_w.l(__rtentry2.o)
    0x0000214e   0x00000004   Code   RO          367    .ARM.Collect$$rtentry$$0000000A  c_w.l(__rtentry2.o)
    0x00002152   0x00000000   Code   RO          369    .ARM.Collect$$rtentry$$0000000C  c_w.l(__rtentry2.o)
    0x00002152   0x00000008   Code   RO          370    .ARM.Collect$$rtentry$$0000000D  c_w.l(__rtentry2.o)
    0x0000215a   0x00000002   Code   RO          391    .ARM.Collect$$rtexit$$00000000  c_w.l(rtexit.o)
    0x0000215c   0x00000000   Code   RO          439    .ARM.Collect$$rtexit$$00000002  c_w.l(rtexit2.o)
    0x0000215c   0x00000004   Code   RO          440    .ARM.Collect$$rtexit$$00000003  c_w.l(rtexit2.o)
    0x00002160   0x00000006   Code   RO          441    .ARM.Collect$$rtexit$$00000004  c_w.l(rtexit2.o)
    0x00002166   0x00000002   PAD
    0x00002168   0x00000004   Code   RO          253    .emb_text           af_lcd.o
    0x0000216c   0x0000003c   Code   RO            4    .text               startup_lpc17xx.o
    0x000021a8   0x00000274   Code   RO           12    .text               system_lpc17xx.o
    0x0000241c   0x00000114   Code   RO           56    .text               main.o
    0x00002530   0x000002e4   Code   RO          144    .text               uart.o
    0x00002814   0x00000040   Code   RO          205    .text               af_cpu.o
    0x00002854   0x000000e8   Code   RO          234    .text               af_string.o
    0x0000293c   0x00001752   Code   RO          254    .text               af_lcd.o
    0x0000408e   0x00000064   Code   RO          354    .text               c_w.l(rt_memcpy_w.o)
    0x000040f2   0x0000004e   Code   RO          356    .text               c_w.l(rt_memclr_w.o)
    0x00004140   0x00000006   Code   RO          358    .text               c_w.l(heapauxi.o)
    0x00004146   0x0000004a   Code   RO          378    .text               c_w.l(sys_stackheap_outer.o)
    0x00004190   0x0000000c   Code   RO          380    .text               c_w.l(exit.o)
    0x0000419c   0x00000008   Code   RO          388    .text               c_w.l(libspace.o)
    0x000041a4   0x0000000c   Code   RO          449    .text               c_w.l(sys_exit.o)
    0x000041b0   0x00000002   Code   RO          460    .text               c_w.l(use_no_semi.o)
    0x000041b2   0x00000000   Code   RO          462    .text               c_w.l(indicate_semi.o)
    0x000041b2   0x0000001c   Code   RO          165    i._ZN4UART10sendstringEPc  uart.o
    0x000041ce   0x00000044   Code   RO          159    i._ZN4UART8sendcharEh  uart.o
    0x00004212   0x0000006e   Code   RO           80    i._ZN4UARTC1Eai     main.o
    0x00004280   0x0000002c   Code   RO          277    i._ZN6AF_LCD11wr_dat_onlyEt  af_lcd.o
    0x000042ac   0x00000014   Code   RO          289    i._ZN6AF_LCD11wr_dat_stopEv  af_lcd.o
    0x000042c0   0x00000014   Code   RO          295    i._ZN6AF_LCD12wr_dat_startEv  af_lcd.o
    0x000042d4   0x0000006c   Code   RO          301    i._ZN6AF_LCD6rd_datEv  af_lcd.o
    0x00004340   0x00000030   Code   RO          283    i._ZN6AF_LCD6wr_regEht  af_lcd.o
    0x00004370   0x0000000e   Code   RO           74    i._ZN6AF_LCDC1Ev    main.o
    0x0000437e   0x00000002   PAD
    0x00004380   0x00007e78   Data   RO          256    .constdata          af_lcd.o
    0x0000c1f8   0x00000020   Data   RO          514    Region$$Table       anon$$obj.o


    Execution Region RW_IRAM1 (Base: 0x10000000, Size: 0x000002b0, Max: 0x00008000, ABSOLUTE)

    Base Addr    Size         Type   Attr      Idx    E Section Name        Object

    0x10000000   0x00000004   Data   RW           14    .data               system_lpc17xx.o
    0x10000004   0x00000010   Data   RW          237    .data               af_string.o
    0x10000014   0x00000015   Data   RW          257    .data               af_lcd.o
    0x10000029   0x00000003   PAD
    0x1000002c   0x00000020   Zero   RW          236    .bss                af_string.o
    0x1000004c   0x00000060   Zero   RW          389    .bss                c_w.l(libspace.o)
    0x100000ac   0x00000004   PAD
    0x100000b0   0x00000000   Zero   RW            2    HEAP                startup_lpc17xx.o
    0x100000b0   0x00000200   Zero   RW            1    STACK               startup_lpc17xx.o


==============================================================================

Image component sizes


      Code (inc. data)   RO Data    RW Data    ZI Data      Debug   Object Name

        64         10          0          0          0        560   af_cpu.o
      6214        170      32376         21          0      26078   af_lcd.o
       232         10          0         16         32       2776   af_string.o
       400        100          0          0          0      10559   main.o
        60         22        204          0        512        776   startup_lpc17xx.o
       628         30          0          4          0       5217   system_lpc17xx.o
       836         28          0          0          0       6072   uart.o

    ----------------------------------------------------------------------
      8436        370      32612         44        544      52038   Object Totals
         0          0         32          0          0          0   (incl. Generated)
         2          0          0          3          0          0   (incl. Padding)

    ----------------------------------------------------------------------

      Code (inc. data)   RO Data    RW Data    ZI Data      Debug   Library Member Name

         8          0          0          0          0         68   __main.o
         0          0          0          0          0          0   __rtentry.o
        12          0          0          0          0          0   __rtentry2.o
         6          0          0          0          0          0   __rtentry4.o
        52          8          0          0          0          0   __scatter.o
        26          0          0          0          0          0   __scatter_copy.o
        28          0          0          0          0          0   __scatter_zi.o
        12          0          0          0          0         72   exit.o
         6          0          0          0          0        152   heapauxi.o
         0          0          0          0          0          0   indicate_semi.o
         2          0          0          0          0          0   libinit.o
         2          0          0          0          0          0   libinit2.o
         2          0          0          0          0          0   libshutdown.o
         2          0          0          0          0          0   libshutdown2.o
         8          4          0          0         96         68   libspace.o
        78          0          0          0          0         80   rt_memclr_w.o
       100          0          0          0          0         80   rt_memcpy_w.o
         2          0          0          0          0          0   rtexit.o
        10          0          0          0          0          0   rtexit2.o
        12          4          0          0          0         68   sys_exit.o
        74          0          0          0          0         80   sys_stackheap_outer.o
         2          0          0          0          0         68   use_no_semi.o

    ----------------------------------------------------------------------
       448         16          0          0        100        736   Library Totals
         4          0          0          0          4          0   (incl. Padding)

    ----------------------------------------------------------------------

      Code (inc. data)   RO Data    RW Data    ZI Data      Debug   Library Name

       444         16          0          0         96        736   c_w.l

    ----------------------------------------------------------------------
       448         16          0          0        100        736   Library Totals

    ----------------------------------------------------------------------

==============================================================================


      Code (inc. data)   RO Data    RW Data    ZI Data      Debug   

      8884        386      32612         44        644      51626   Grand Totals
      8884        386      32612         44        644      51626   ELF Image Totals
      8884        386      32612         44          0          0   ROM Totals

==============================================================================

    Total RO  Size (Code + RO Data)                41496 (  40.52kB)
    Total RW  Size (RW Data + ZI Data)               688 (   0.67kB)
    Total ROM Size (Code + RO Data + RW Data)      41540 (  40.57kB)

==============================================================================

